../Core/Src/main.c:85:13:print_raw_rgb	96	dynamic
../Core/Src/main.c:99:13:print_processed_readings	112	dynamic
../Core/Src/main.c:116:13:test_system	16	static
../Core/Src/main.c:159:13:setup_color_sensors	16	static
../Core/Src/main.c:172:5:main	56	static
../Core/Src/main.c:263:6:SystemClock_Config	88	static
../Core/Src/main.c:310:13:MX_I2C1_Init	8	static
../Core/Src/main.c:344:13:MX_TIM1_Init	96	static
../Core/Src/main.c:423:13:MX_TIM2_Init	64	static
../Core/Src/main.c:482:13:MX_TIM3_Init	32	static
../Core/Src/main.c:527:13:MX_USART2_UART_Init	8	static
../Core/Src/main.c:560:13:MX_GPIO_Init	40	static
../Core/Src/main.c:613:6:Error_Handler	4	static,ignoring_inline_asm
