../Core/Src/main.c:86:13:print_raw_rgb	96	dynamic
../Core/Src/main.c:100:13:print_processed_readings	112	dynamic
../Core/Src/main.c:119:13:test_system	16	static
../Core/Src/main.c:173:13:setup_color_sensors	16	static
../Core/Src/main.c:186:5:main	56	static
../Core/Src/main.c:300:6:SystemClock_Config	88	static
../Core/Src/main.c:348:13:MX_I2C1_Init	8	static
../Core/Src/main.c:382:13:MX_TIM1_Init	96	static
../Core/Src/main.c:461:13:MX_TIM2_Init	64	static
../Core/Src/main.c:520:13:MX_TIM10_Init	8	static
../Core/Src/main.c:551:13:MX_USART2_UART_Init	8	static
../Core/Src/main.c:584:13:MX_GPIO_Init	40	static
../Core/Src/main.c:637:6:Error_Handler	4	static,ignoring_inline_asm
